# Bake Begins!
### (1 of 6) Copy sources
$ cp -a /home/travis/build/fontdirectory/carme/METADATA.json /home/travis/build/fontdirectory/carme/builds/build
$ cp -a /home/travis/build/fontdirectory/carme/DESCRIPTION.en_us.html /home/travis/build/fontdirectory/carme/builds/build
$ cp -a Carme-Regular.ttf.ttx src/Carme-Regular.otf.ttx src/Carme-Regular-TTF.sfd Carme-Regular.ttf._c_m_a_p.ttx Carme-Regular.ttf._h_m_t_x.ttx Carme-Regular.ttf._g_l_y_f.ttx Carme-Regular.ttf._g_a_s_p.ttx Carme-Regular.ttf._p_r_e_p.ttx Carme-Regular.ttf._m_a_x_p.ttx Carme-Regular.ttf.D_S_I_G_.ttx Carme-Regular.ttf._n_a_m_e.ttx Carme-Regular.ttf.G_P_O_S_.ttx Carme-Regular.ttf._f_p_g_m.ttx Carme-Regular.ttf._h_e_a_d.ttx Carme-Regular.ttf._h_h_e_a.ttx Carme-Regular.ttf.G_D_E_F_.ttx Carme-Regular.ttf._c_v_t.ttx Carme-Regular.ttf.F_F_T_M_.ttx Carme-Regular.ttf._p_o_s_t.ttx Carme-Regular.ttf.GlyphOrder.ttx Carme-Regular.ttf._l_o_c_a.ttx Carme-Regular.ttf.G_S_U_B_.ttx Carme-Regular.ttf.O_S_2f_2.ttx src/Carme-Regular.otf._n_a_m_e.ttx src/Carme-Regular.otf._h_h_e_a.ttx src/Carme-Regular.otf._m_a_x_p.ttx src/Carme-Regular.otf.G_P_O_S_.ttx src/Carme-Regular.otf._h_m_t_x.ttx src/Carme-Regular.otf._c_m_a_p.ttx src/Carme-Regular.otf.C_F_F_.ttx src/Carme-Regular.otf._p_o_s_t.ttx src/Carme-Regular.otf.GlyphOrder.ttx src/Carme-Regular.otf._h_e_a_d.ttx src/Carme-Regular.otf._k_e_r_n.ttx src/Carme-Regular.otf.O_S_2f_2.ttx /home/travis/build/fontdirectory/carme/builds/build/sources
### (2 of 6) pyfontaine
### (3 of 6) Run upstream tests
$ bakery-lint.py upstream-repo sources
$ fontaine --collections subsets --text /home/travis/build/fontdirectory/carme/builds/build/sources/Carme-Regular.ttf.ttx /home/travis/build/fontdirectory/carme/builds/build/sources/Carme-Regular.otf.ttx /home/travis/build/fontdirectory/carme/builds/build/sources/Carme-Regular-TTF.sfd > fontaine.txt
bakery_lint.tests.upstream.test_diacritic.TestDiacritic.test_diacritic_made_as_component(): OK
bakery_lint.tests.upstream.test_diacritic.TestDiacritic.test_diacritic_made_as_mark_to_mark(): OK
bakery_lint.tests.upstream.test_diacritic.TestDiacritic.test_diacritic_made_as_own_glyphs(): OK
bakery_lint.tests.upstream.test_check_upstream_sources.ProjectUpstreamTestCase.test_bakery_yaml_exists(): OK
bakery_lint.tests.upstream.test_check_upstream_sources.ProjectUpstreamTestCase.test_copyright_notices_same_across_family(): OK
bakery_lint.tests.upstream.test_check_upstream_sources.ProjectUpstreamTestCase.test_description_html_exists(): OK
bakery_lint.tests.upstream.test_check_upstream_sources.ProjectUpstreamTestCase.test_fontlog_txt_exists(): FAIL
bakery_lint.tests.upstream.test_check_upstream_sources.ProjectUpstreamTestCase.test_metadata_json_exists(): OK
WARNING: Please install [PyICU](https://pypi.python.org/pypi/PyICU) toenable [feature], perhaps with: pip install pyicu
pyfontaine error: Not a TrueType or OpenType font (bad sfntVersion)
pyfontaine process has been failed
bakery_lint.tests.upstream.test_prepolation.FontTestPrepolation.test_font_prepolation_glyph_contours(): OK
bakery_lint.tests.upstream.test_prepolation.FontTestPrepolation.test_font_prepolation_glyph_points(): OK
bakery_lint.tests.upstream.test_prepolation.FontTestPrepolation.test_font_test_prepolation_glyph_names(): OK
$ bakery-lint.py upstream-ttx Carme-Regular.ttf.ttx
bakery_lint.tests.upstream.test_check_ttx_fontfamily_recommendations.TTX_FontFamilyNamingTest.test_ttx_family_naming_recommendation(): OK
bakery_lint.tests.upstream.test_check_ttx_requirements.SourceTTXTest.test_epar_in_keys(): FAIL
bakery_lint.tests.upstream.test_check_ttx_requirements.SourceTTXTest.test_os2_in_keys(): OK
bakery_lint.tests.upstream.test_check_ttx_requirements.SourceTTXTest.test_ttx_doesnt_contain_duplicate_glyphs(): OK
bakery_lint.tests.upstream.test_glyphname_does_not_contain_disallowed_chars.TestGlyphNameDoesNotContainsDisallowedChars.test_glyphname_does_not_contain_disallowed_chars(): FAIL
bakery_lint.tests.upstream.test_font_filename_eq_familystyle.TestTTFSourceFontFileNameEqualsFamilyStyle.test_source_ttf_font_filename_equals_familystyle(): FAIL
$ mv /home/travis/build/fontdirectory/carme/builds/build/sources/Carme-Regular.ttf.ttx /home/travis/build/fontdirectory/carme/builds/build/sources/Carme-Regular.ttx
bakery_lint.tests.upstream.test_font_filename_eq_familystyle.TestTTFSourceFontFileNameEqualsFamilyStyle.test_source_ttf_font_filename_equals_familystyle(): OK
$ bakery-lint.py upstream-ttx Carme-Regular.otf.ttx
bakery_lint.tests.upstream.test_check_ttx_fontfamily_recommendations.TTX_FontFamilyNamingTest.test_ttx_family_naming_recommendation(): OK
bakery_lint.tests.upstream.test_check_ttx_requirements.SourceTTXTest.test_epar_in_keys(): FAIL
bakery_lint.tests.upstream.test_check_ttx_requirements.SourceTTXTest.test_os2_in_keys(): OK
bakery_lint.tests.upstream.test_check_ttx_requirements.SourceTTXTest.test_ttx_doesnt_contain_duplicate_glyphs(): OK
bakery_lint.tests.upstream.test_glyphname_does_not_contain_disallowed_chars.TestGlyphNameDoesNotContainsDisallowedChars.test_glyphname_does_not_contain_disallowed_chars(): FAIL
bakery_lint.tests.upstream.test_font_filename_eq_familystyle.TestTTFSourceFontFileNameEqualsFamilyStyle.test_source_ttf_font_filename_equals_familystyle(): FAIL
$ mv /home/travis/build/fontdirectory/carme/builds/build/sources/Carme-Regular.otf.ttx /home/travis/build/fontdirectory/carme/builds/build/sources/Carme-Regular.ttx
bakery_lint.tests.upstream.test_font_filename_eq_familystyle.TestTTFSourceFontFileNameEqualsFamilyStyle.test_source_ttf_font_filename_equals_familystyle(): OK
$ bakery-lint.py upstream Carme-Regular-TTF.sfd
bakery_lint.tests.upstream.test_font_filename_eq_familystyle.TestTTFSourceFontFileNameEqualsFamilyStyle.test_source_ttf_font_filename_equals_familystyle(): ERROR
bakery_lint.tests.upstream.test_check_ufo_requirements.UfoOpenTest.test_has_rupee(): ERROR
bakery_lint.tests.upstream.test_check_ufo_requirements.UfoOpenTest.test_is_A(): ERROR
bakery_lint.tests.upstream.test_check_ufo_requirements.UfoOpenTest.test_is_A_a_glyph_instance(): ERROR
bakery_lint.tests.upstream.test_check_ufo_requirements.UfoOpenTest.test_is_ended_ufo(): ERROR
bakery_lint.tests.upstream.test_check_ufo_requirements.UfoOpenTest.test_is_folder(): ERROR
bakery_lint.tests.upstream.test_check_ufo_requirements.UfoOpenTest.test_is_fsType_eq_1(): ERROR
bakery_lint.tests.upstream.test_check_ufo_requirements.UfoOpenTest.test_it_exists(): ERROR
bakery_lint.tests.upstream.test_check_ufo_fontfamily_recommendations.TestUFOFontFamilyNamingTest.test_familyname_less_than_32_chars(): OK
bakery_lint.tests.upstream.test_check_ufo_fontfamily_recommendations.TestUFOFontFamilyNamingTest.test_fullfontname_less_than_64_chars(): OK
bakery_lint.tests.upstream.test_check_ufo_fontfamily_recommendations.TestUFOFontFamilyNamingTest.test_postscriptname_consistof_allowed_chars(): OK
bakery_lint.tests.upstream.test_check_ufo_fontfamily_recommendations.TestUFOFontFamilyNamingTest.test_postscriptname_less_than_30_chars(): OK
bakery_lint.tests.upstream.test_check_ufo_fontfamily_recommendations.TestUFOFontFamilyNamingTest.test_stylename_less_than_32_chars(): OK
bakery_lint.tests.upstream.test_check_ufo_fontfamily_recommendations.TestUFOFontFamilyNamingTest.test_weight_value_range_between_250_and_900(): OK
### (4 of 6) Convert sources to TTF
$ ttx -d /home/travis/build/fontdirectory/carme/builds/build /home/travis/build/fontdirectory/carme/builds/build/sources/Carme-Regular.ttx
$ font2ttf.py sources/Carme-Regular.otf Carme-Regular.ttf
This font contains both a 'kern' table and a 'GPOS' table.
  The 'kern' table will only be read if there is no 'kern' feature in 'GPOS'.
Warning: Mac and Windows entries in the 'name' table differ for the
 Trademark string in the language English (US)
 Mac String: Ipanema Gráfica
Windows String: Ipanema Grfica
Warning: Mac and Windows entries in the 'name' table differ for the
 Manufacturer string in the language English (US)
 Mac String: Rubén Prol
Windows String: Rubn Prol
Warning: Mac and Windows entries in the 'name' table differ for the
 Designer string in the language English (US)
 Mac String: Ipanema Gráfica
Windows String: Ipanema Grfica
Success: Generated OpenType-TTF (/home/travis/build/fontdirectory/carme/builds/build/Carme-Regular.ttf)
strippedname:/home/travis/build/fontdirectory/carme/builds/build/sources/Carme-Regular-TTF.sfd
Compiling "/home/travis/build/fontdirectory/carme/builds/build/sources/Carme-Regular.ttx" to "/home/travis/build/fontdirectory/carme/builds/build/Carme-Regular.otf"...
Parsing 'GlyphOrder' table...
Parsing 'head' table...
Parsing 'hhea' table...
Parsing 'maxp' table...
Parsing 'OS/2' table...
Parsing 'name' table...
Parsing 'cmap' table...
Parsing 'post' table...
Parsing 'CFF ' table...
Parsing 'GPOS' table...
Parsing 'hmtx' table...
Parsing 'kern' table...
strippedname:/home/travis/build/fontdirectory/carme/builds/build/Carme-Regular.otf
$ font2ttf.py sources/Carme-Regular-TTF.sfd Carme-Regular-TTF.ttf
### Test Carme-Regular.ttf
$ bakery-lint.py result Carme-Regular.ttf
bakery_lint.tests.downstream.test_check_names_same_across_platforms.CheckNamesSameAcrossPlatforms.test_check_names_same_across_platforms(): FAIL
bakery_lint.tests.downstream.test_check_unencoded_glyph.TestFontUnencodedGlyph.test_font_unencoded_glyphs(): FAIL
$ bakery-encode-glyphs-fix.py --autofix /home/travis/build/fontdirectory/carme/builds/build/Carme-Regular.ttf
$ mv /home/travis/build/fontdirectory/carme/builds/build/Carme-Regular.ttf.fix /home/travis/build/fontdirectory/carme/builds/build/Carme-Regular.ttf
bakery_lint.tests.downstream.test_check_unencoded_glyph.TestFontUnencodedGlyph.test_font_unencoded_glyphs(): FAIL
bakery_lint.tests.downstream.test_check_magic_prep_code.CheckMagicPREPByteCode.test_prep_magic_code(): FAIL
bakery_lint.tests.downstream.test_check_no_problematic_formats.CheckNoProblematicFormats.test_check_no_problematic_formats(): OK
bakery_lint.tests.downstream.test_check_vertical_metrics.CheckVerticalLinegapMetrics.test_metrics_linegaps_are_zero(): OK
Success: Generated OpenType-TTF (/home/travis/build/fontdirectory/carme/builds/build/Carme-Regular-TTF.ttf)
### Test Carme-Regular-TTF.ttf
$ bakery-lint.py result Carme-Regular-TTF.ttf
### (5 of 6) Generate METADATA.json (genmetadata.py)
$ genmetadata.py /home/travis/build/fontdirectory/carme/builds/build
{} exists
Designer's name from font is: Ipanema Grfica
bakery_lint.tests.downstream.test_check_names_same_across_platforms.CheckNamesSameAcrossPlatforms.test_check_names_same_across_platforms(): FAIL
bakery_lint.tests.downstream.test_check_unencoded_glyph.TestFontUnencodedGlyph.test_font_unencoded_glyphs(): FAIL
$ bakery-encode-glyphs-fix.py --autofix /home/travis/build/fontdirectory/carme/builds/build/Carme-Regular-TTF.ttf
Original size: 31324\nGzip size: 14787
Family Name: Carme
PS Name: Carme
Full Name: Carme Regular
Style: normal
Weight: 400
Filename: Carme-Regular-TTF.ttf
Copyright: Copyright (c) 2010-2011, Ruben Prol (ipanemagrafica@gmail.com|www.ipanemagrafica.com),\nwith Reserved Font Name Carme.
Family Name: Carme
PS Name: Carme
Full Name: Carme
Style: normal
Weight: 400
Filename: Carme-Regular.ttf
Copyright: Generated in 2011 by FontLab Studio. Copyright info pending.
Error: 
ERROR: BUILD FAILED
$ mv /home/travis/build/fontdirectory/carme/builds/build/Carme-Regular-TTF.ttf.fix /home/travis/build/fontdirectory/carme/builds/build/Carme-Regular-TTF.ttf
bakery_lint.tests.downstream.test_check_unencoded_glyph.TestFontUnencodedGlyph.test_font_unencoded_glyphs(): FAIL
bakery_lint.tests.downstream.test_check_magic_prep_code.CheckMagicPREPByteCode.test_prep_magic_code(): FAIL
bakery_lint.tests.downstream.test_check_no_problematic_formats.CheckNoProblematicFormats.test_check_no_problematic_formats(): OK
bakery_lint.tests.downstream.test_check_vertical_metrics.CheckVerticalAscentMetrics.test_metrics_ascents_equal_bbox(): FAIL
bakery_lint.tests.downstream.test_check_vertical_metrics.CheckVerticalLinegapMetrics.test_metrics_linegaps_are_zero(): OK
$ bakery-vmet-fix.py --autofix /home/travis/build/fontdirectory/carme/builds/build/Carme-Regular-TTF.ttf /home/travis/build/fontdirectory/carme/builds/build/Carme-Regular.ttf
$ mv /home/travis/build/fontdirectory/carme/builds/build/Carme-Regular-TTF.ttf.fix /home/travis/build/fontdirectory/carme/builds/build/Carme-Regular-TTF.ttf
$ mv /home/travis/build/fontdirectory/carme/builds/build/Carme-Regular.ttf.fix /home/travis/build/fontdirectory/carme/builds/build/Carme-Regular.ttf
$ bakery-vmet-fix.py /home/travis/build/fontdirectory/carme/builds/build/Carme-Regular-TTF.ttf /home/travis/build/fontdirectory/carme/builds/build/Carme-Regular.ttf
bakery_lint.tests.downstream.test_check_vertical_metrics.CheckVerticalAscentMetrics.test_metrics_ascents_equal_bbox(): OK
Parameter              Carme-Regular-TTF.ttf    Carme-Regular.ttf    
ymax                   1946                     950                  
hhea.ascent            1946                     1946                 
OS/2.sTypoAscender     1946                     1946                 
OS/2.usWinAscent       1946                     1946                 
ymin                   -513                     -250                 
hhea.descent           -513                     -513                 
OS/2.sTypoDescender    -513                     -513                 
OS/2.usWinDescent      513                      513                  
hhea.lineGap           0                        0                    
OS/2.sTypoLineGap      0                        0                    
hhea total             2459                     2459                 
typo total             2459                     2459                 
win total              2459                     2459                 
UPM:Heights            2048:2459                1000:1200            
UPM:Heights %          120 %                    120 %                


bakery_lint.tests.downstream.test_check_vertical_metrics.CheckVerticalDescentMetrics.test_metrics_descents_equal_bbox(): OK
bakery_lint.tests.downstream.test_names_are_ascii_only.CheckNamesAreASCIIOnly.test_check_names_are_ascii_only(): FAIL
$ bakery-ascii-fix.py /home/travis/build/fontdirectory/carme/builds/build/Carme-Regular-TTF.ttf
$ mv /home/travis/build/fontdirectory/carme/builds/build/Carme-Regular-TTF.ttf.fix /home/travis/build/fontdirectory/carme/builds/build/Carme-Regular-TTF.ttf
bakery_lint.tests.downstream.test_names_are_ascii_only.CheckNamesAreASCIIOnly.test_check_names_are_ascii_only(): OK
bakery_lint.tests.downstream.test_check_license_included.CheckLicenseIncluded.test_license_included_in_font_names(): OK
bakery_lint.tests.downstream.test_check_name_table_recommendation.CheckStyleNameRecommendation.test_check_stylename_is_under_recommendations(): OK
bakery_lint.tests.downstream.test_check_name_table_recommendation.CheckOTFamilyNameRecommendation.test_check_opentype_familyname(): FAIL
$ bakery-opentype-fix.py /home/travis/build/fontdirectory/carme/builds/build/Carme-Regular-TTF.ttf
$ mv /home/travis/build/fontdirectory/carme/builds/build/Carme-Regular-TTF.ttf.fix /home/travis/build/fontdirectory/carme/builds/build/Carme-Regular-TTF.ttf
bakery_lint.tests.downstream.test_check_name_table_recommendation.CheckOTFamilyNameRecommendation.test_check_opentype_familyname(): OK
bakery_lint.tests.downstream.test_check_name_table_recommendation.CheckOTStyleNameRecommendation.test_check_opentype_stylename(): OK
bakery_lint.tests.downstream.test_check_name_table_recommendation.CheckOTFullNameRecommendation.test_check_opentype_fullname(): OK
bakery_lint.tests.downstream.test_check_upm_heights_less_120.TestCheckUPMHeightsLess120.test_check_upm_heigths_less_120(): FAIL
The following table(s) in the font have been ignored by FontForge
  Ignoring 'DSIG' digital signature table
Warning: Mac string is a subset of the Windows string in the 'name' table
 for the License string in the English (US) language.
bakery_lint.tests.downstream.test_check_vertical_metrics.CheckVerticalAscentMetrics.test_metrics_ascents_equal_bbox(): OK
bakery_lint.tests.downstream.test_fontforge_validation_state.FontForgeValidateStateTest.test_allowed_numbers_paths_in_composite_glyphs(): OK
bakery_lint.tests.downstream.test_fontforge_validation_state.FontForgeValidateStateTest.test_allowed_numbers_paths_in_glyphs(): OK
bakery_lint.tests.downstream.test_fontforge_validation_state.FontForgeValidateStateTest.test_allowed_numbers_points_in_composite_glyphs(): OK
bakery_lint.tests.downstream.test_fontforge_validation_state.FontForgeValidateStateTest.test_allowed_numbers_points_in_glyphs(): OK
bakery_lint.tests.downstream.test_fontforge_validation_state.FontForgeValidateStateTest.test_duplicate_glyphs(): OK
bakery_lint.tests.downstream.test_fontforge_validation_state.FontForgeValidateStateTest.test_duplicate_unicode_codepoints(): OK
bakery_lint.tests.downstream.test_fontforge_validation_state.FontForgeValidateStateTest.test_flipped_reference_in_glyphs(): OK
bakery_lint.tests.downstream.test_fontforge_validation_state.FontForgeValidateStateTest.test_missing_anchors(): OK
bakery_lint.tests.downstream.test_fontforge_validation_state.FontForgeValidateStateTest.test_missing_extrema_in_glyphs(): FAIL
bakery_lint.tests.downstream.test_fontforge_validation_state.FontForgeValidateStateTest.test_overlapped_hints(): OK
bakery_lint.tests.downstream.test_fontforge_validation_state.FontForgeValidateStateTest.test_points_are_integer_aligned(): OK
bakery_lint.tests.downstream.test_fontforge_validation_state.FontForgeValidateStateTest.test_points_are_not_too_far_apart(): OK
bakery_lint.tests.downstream.test_fontforge_validation_state.FontForgeValidateStateTest.test_postscript_hasnt_limit_hints_in_glyphs(): OK
bakery_lint.tests.downstream.test_fontforge_validation_state.FontForgeValidateStateTest.test_postscript_hasnt_limit_points_in_glyphs(): OK
bakery_lint.tests.downstream.test_fontforge_validation_state.FontForgeValidateStateTest.test_referenced_glyphs_are_present(): OK
bakery_lint.tests.downstream.test_fontforge_validation_state.FontForgeValidateStateTest.test_valid_glyph_names(): OK
bakery_lint.tests.downstream.test_fontforge_validation_state.FontForgeValidateStateTest.test_valid_length_instructions(): OK
bakery_lint.tests.downstream.test_fontforge_validation_state.FontForgeValidateStateTest.test_validation_glyph_intersect(): OK
bakery_lint.tests.downstream.test_fontforge_validation_state.FontForgeValidateStateTest.test_validation_open_contours(): OK
bakery_lint.tests.downstream.test_fontforge_validation_state.FontForgeValidateStateTest.test_wrong_direction_in_glyphs(): OK
bakery_lint.tests.downstream.test_check_full_font_name_begins_with_family_name.CheckFullFontNameBeginsWithFamilyName.test_check_full_font_name_begins_with_family_name(): OK
bakery_lint.tests.downstream.test_check_unused_glyph_data.CheckUnusedGlyphData.test_check_unused_glyph_data(): ERROR
bakery_lint.tests.downstream.test_check_italic_angle_agreement.CheckItalicAngleAgreement.test_check_italic_angle_agreement(): OK
bakery_lint.tests.downstream.test_check_glyf_table_length.CheckGlyfTableLength.test_check_glyf_table_length(): FAIL
bakery_lint.tests.downstream.test_check_panose_identification.CheckPanoseIdentification.test_check_panose_identification(): OK
bakery_lint.tests.downstream.test_check_font_tables.CheckFontHasDsigTable.test_check_font_has_dsig_table(): OK
bakery_lint.tests.downstream.test_check_font_tables.CheckFontHasNotKernTable.test_no_kern_table_exists(): OK
bakery_lint.tests.downstream.test_check_glyph_existence.CheckGlyphExistence.test_euro(): OK
bakery_lint.tests.downstream.test_check_glyph_existence.CheckGlyphExistence.test_nbsp(): OK
bakery_lint.tests.downstream.test_check_glyph_existence.CheckGlyphExistence.test_space(): OK
bakery_lint.tests.downstream.test_check_vertical_metrics.CheckVerticalDescentMetrics.test_metrics_descents_equal_bbox(): OK
bakery_lint.tests.downstream.test_names_are_ascii_only.CheckNamesAreASCIIOnly.test_check_names_are_ascii_only(): FAIL
$ bakery-ascii-fix.py /home/travis/build/fontdirectory/carme/builds/build/Carme-Regular.ttf
$ mv /home/travis/build/fontdirectory/carme/builds/build/Carme-Regular.ttf.fix /home/travis/build/fontdirectory/carme/builds/build/Carme-Regular.ttf
bakery_lint.tests.downstream.test_names_are_ascii_only.CheckNamesAreASCIIOnly.test_check_names_are_ascii_only(): OK
bakery_lint.tests.downstream.test_check_license_included.CheckLicenseIncluded.test_license_included_in_font_names(): ERROR
bakery_lint.tests.downstream.test_check_name_table_recommendation.CheckStyleNameRecommendation.test_check_stylename_is_under_recommendations(): OK
bakery_lint.tests.downstream.test_check_name_table_recommendation.CheckOTFamilyNameRecommendation.test_check_opentype_familyname(): FAIL
$ bakery-opentype-fix.py /home/travis/build/fontdirectory/carme/builds/build/Carme-Regular.ttf
$ mv /home/travis/build/fontdirectory/carme/builds/build/Carme-Regular.ttf.fix /home/travis/build/fontdirectory/carme/builds/build/Carme-Regular.ttf
bakery_lint.tests.downstream.test_check_name_table_recommendation.CheckOTFamilyNameRecommendation.test_check_opentype_familyname(): OK
bakery_lint.tests.downstream.test_check_name_table_recommendation.CheckOTStyleNameRecommendation.test_check_opentype_stylename(): OK
bakery_lint.tests.downstream.test_check_name_table_recommendation.CheckOTFullNameRecommendation.test_check_opentype_fullname(): OK
bakery_lint.tests.downstream.test_check_upm_heights_less_120.TestCheckUPMHeightsLess120.test_check_upm_heigths_less_120(): FAIL
The following table(s) in the font have been ignored by FontForge
  Ignoring 'DSIG' digital signature table
bakery_lint.tests.downstream.test_fontforge_validation_state.FontForgeValidateStateTest.test_allowed_numbers_paths_in_composite_glyphs(): OK
bakery_lint.tests.downstream.test_fontforge_validation_state.FontForgeValidateStateTest.test_allowed_numbers_paths_in_glyphs(): OK
bakery_lint.tests.downstream.test_fontforge_validation_state.FontForgeValidateStateTest.test_allowed_numbers_points_in_composite_glyphs(): OK
bakery_lint.tests.downstream.test_fontforge_validation_state.FontForgeValidateStateTest.test_allowed_numbers_points_in_glyphs(): OK
bakery_lint.tests.downstream.test_fontforge_validation_state.FontForgeValidateStateTest.test_duplicate_glyphs(): OK
bakery_lint.tests.downstream.test_fontforge_validation_state.FontForgeValidateStateTest.test_duplicate_unicode_codepoints(): OK
bakery_lint.tests.downstream.test_fontforge_validation_state.FontForgeValidateStateTest.test_flipped_reference_in_glyphs(): OK
bakery_lint.tests.downstream.test_fontforge_validation_state.FontForgeValidateStateTest.test_missing_anchors(): OK
bakery_lint.tests.downstream.test_fontforge_validation_state.FontForgeValidateStateTest.test_missing_extrema_in_glyphs(): FAIL
bakery_lint.tests.downstream.test_fontforge_validation_state.FontForgeValidateStateTest.test_overlapped_hints(): OK
bakery_lint.tests.downstream.test_fontforge_validation_state.FontForgeValidateStateTest.test_points_are_integer_aligned(): OK
bakery_lint.tests.downstream.test_fontforge_validation_state.FontForgeValidateStateTest.test_points_are_not_too_far_apart(): OK
bakery_lint.tests.downstream.test_fontforge_validation_state.FontForgeValidateStateTest.test_postscript_hasnt_limit_hints_in_glyphs(): OK
bakery_lint.tests.downstream.test_fontforge_validation_state.FontForgeValidateStateTest.test_postscript_hasnt_limit_points_in_glyphs(): OK
bakery_lint.tests.downstream.test_fontforge_validation_state.FontForgeValidateStateTest.test_referenced_glyphs_are_present(): OK
bakery_lint.tests.downstream.test_fontforge_validation_state.FontForgeValidateStateTest.test_valid_glyph_names(): OK
bakery_lint.tests.downstream.test_fontforge_validation_state.FontForgeValidateStateTest.test_valid_length_instructions(): OK
bakery_lint.tests.downstream.test_fontforge_validation_state.FontForgeValidateStateTest.test_validation_glyph_intersect(): OK
bakery_lint.tests.downstream.test_fontforge_validation_state.FontForgeValidateStateTest.test_validation_open_contours(): OK
bakery_lint.tests.downstream.test_fontforge_validation_state.FontForgeValidateStateTest.test_wrong_direction_in_glyphs(): OK
bakery_lint.tests.downstream.test_check_full_font_name_begins_with_family_name.CheckFullFontNameBeginsWithFamilyName.test_check_full_font_name_begins_with_family_name(): OK
bakery_lint.tests.downstream.test_check_unused_glyph_data.CheckUnusedGlyphData.test_check_unused_glyph_data(): ERROR
bakery_lint.tests.downstream.test_check_italic_angle_agreement.CheckItalicAngleAgreement.test_check_italic_angle_agreement(): OK
bakery_lint.tests.downstream.test_check_glyf_table_length.CheckGlyfTableLength.test_check_glyf_table_length(): FAIL
bakery_lint.tests.downstream.test_check_panose_identification.CheckPanoseIdentification.test_check_panose_identification(): OK
bakery_lint.tests.downstream.test_check_font_tables.CheckFontHasDsigTable.test_check_font_has_dsig_table(): OK
bakery_lint.tests.downstream.test_check_font_tables.CheckFontHasNotKernTable.test_no_kern_table_exists(): OK
bakery_lint.tests.downstream.test_check_glyph_existence.CheckGlyphExistence.test_euro(): OK
bakery_lint.tests.downstream.test_check_glyph_existence.CheckGlyphExistence.test_nbsp(): FAIL
bakery_lint.tests.downstream.test_check_glyph_existence.CheckGlyphExistence.test_space(): OK
bakery_lint.tests.downstream.test_gpos_table_has_kerning_info.CheckGposTableHasKerningInfo.test_gpos_table_has_kerning_info(): OK
bakery_lint.tests.downstream.test_gasp_table_value.CheckGaspTableType.test_check_gasp_table_type(): FAIL
$ bakery-gasp.py --set=15 /home/travis/build/fontdirectory/carme/builds/build/Carme-Regular.ttf
$ mv /home/travis/build/fontdirectory/carme/builds/build/Carme-Regular.ttf.fix /home/travis/build/fontdirectory/carme/builds/build/Carme-Regular.ttf
bakery_lint.tests.downstream.test_gasp_table_value.CheckGaspTableType.test_check_gasp_table_type(): OK
$ bakery-gasp.py --set=15 /home/travis/build/fontdirectory/carme/builds/build/Carme-Regular.ttf
bakery_lint.tests.downstream.test_gpos_table_has_kerning_info.CheckGposTableHasKerningInfo.test_gpos_table_has_kerning_info(): OK
bakery_lint.tests.downstream.test_gasp_table_value.CheckGaspTableType.test_check_gasp_table_type(): OK
$ bakery-gasp.py --set=15 /home/travis/build/fontdirectory/carme/builds/build/Carme-Regular-TTF.ttf
$ mv /home/travis/build/fontdirectory/carme/builds/build/Carme-Regular.ttf.fix /home/travis/build/fontdirectory/carme/builds/build/Carme-Regular.ttf
bakery_lint.tests.downstream.test_check_fontname_matches_macstyle.CheckFontNameEqualToMacStyleFlags.test_fontname_is_equal_to_macstyle(): FAIL
bakery_lint.tests.downstream.test_check_font_agreements.CheckFsTypeIsNotSet.test_is_fstype_not_set(): FAIL
$ bakery-fstype-fix.py --autofix /home/travis/build/fontdirectory/carme/builds/build/Carme-Regular.ttf
$ mv /home/travis/build/fontdirectory/carme/builds/build/Carme-Regular-TTF.ttf.fix /home/travis/build/fontdirectory/carme/builds/build/Carme-Regular-TTF.ttf
bakery_lint.tests.downstream.test_check_fontname_matches_macstyle.CheckFontNameEqualToMacStyleFlags.test_fontname_is_equal_to_macstyle(): FAIL
bakery_lint.tests.downstream.test_check_font_agreements.CheckFsTypeIsNotSet.test_is_fstype_not_set(): OK
$ bakery-fstype-fix.py --autofix /home/travis/build/fontdirectory/carme/builds/build/Carme-Regular-TTF.ttf
$ mv /home/travis/build/fontdirectory/carme/builds/build/Carme-Regular.ttf.fix /home/travis/build/fontdirectory/carme/builds/build/Carme-Regular.ttf
bakery_lint.tests.downstream.test_check_font_agreements.CheckFsTypeIsNotSet.test_is_fstype_not_set(): OK
$ bakery-fstype-fix.py --autofix /home/travis/build/fontdirectory/carme/builds/build/Carme-Regular.ttf
$ mv /home/travis/build/fontdirectory/carme/builds/build/Carme-Regular-TTF.ttf.fix /home/travis/build/fontdirectory/carme/builds/build/Carme-Regular-TTF.ttf
$ mv /home/travis/build/fontdirectory/carme/builds/build/Carme-Regular.ttf.fix /home/travis/build/fontdirectory/carme/builds/build/Carme-Regular.ttf
bakery_lint.tests.downstream.test_check_font_agreements.CheckFontAgreements.test_em_is_1000(): FAIL
bakery_lint.tests.downstream.test_check_font_agreements.CheckFontAgreements.test_em_is_1000(): OK
bakery_lint.tests.downstream.test_check_font_agreements.CheckFontAgreements.test_file_is_font(): OK
bakery_lint.tests.downstream.test_check_font_agreements.CheckFontAgreements.test_file_is_font(): OK
bakery_lint.tests.downstream.test_check_font_agreements.CheckFontAgreements.test_font_is_font(): OK
bakery_lint.tests.downstream.test_check_font_agreements.CheckFontAgreements.test_font_is_font(): OK
bakery_lint.tests.downstream.test_check_font_agreements.CheckFontAgreements.test_latin_file_exists(): FAIL
bakery_lint.tests.downstream.test_check_font_agreements.CheckFontAgreements.test_latin_file_exists(): FAIL
bakery_lint.tests.downstream.test_check_nbsp_width_matches_sp_width.CheckNbspWidthMatchesSpWidth.test_check_nbsp_width_matches_sp_width(): FAIL
$ bakery-nbsp-fix.py /home/travis/build/fontdirectory/carme/builds/build/Carme-Regular.ttf
bakery_lint.tests.downstream.test_check_nbsp_width_matches_sp_width.CheckNbspWidthMatchesSpWidth.test_check_nbsp_width_matches_sp_width(): OK
bakery_lint.tests.downstream.test_check_hmtx_hhea_max_advance_width_agreement.CheckHmtxHheaMaxAdvanceWidthAgreement.test_check_hmtx_hhea_max_advance_width_agreement(): OK
bakery_lint.tests.downstream.test_check_os2_width_class.CheckOS2WidthClass.test_check_os2_width_class(): OK
$ mv /home/travis/build/fontdirectory/carme/builds/build/Carme-Regular.ttf.fix /home/travis/build/fontdirectory/carme/builds/build/Carme-Regular.ttf
bakery_lint.tests.downstream.test_check_nbsp_width_matches_sp_width.CheckNbspWidthMatchesSpWidth.test_check_nbsp_width_matches_sp_width(): FAIL
bakery_lint.tests.downstream.test_check_hmtx_hhea_max_advance_width_agreement.CheckHmtxHheaMaxAdvanceWidthAgreement.test_check_hmtx_hhea_max_advance_width_agreement(): OK
bakery_lint.tests.downstream.test_check_os2_width_class.CheckOS2WidthClass.test_check_os2_width_class(): OK
### Optimize TTF Carme-Regular-TTF.ttf
### Optimize TTF Carme-Regular.ttf
$ ls -l 'Carme-Regular.ttf'* # look at the size savings of that subset process
Carme-Regular.ttf.opt: 25696 bytes
Carme-Regular.ttf: 31276 bytes
$ mv /home/travis/build/fontdirectory/carme/builds/build/Carme-Regular.ttf.opt /home/travis/build/fontdirectory/carme/builds/build/Carme-Regular.ttf
### Autohint TTFs (ttfautohint) Carme-Regular.ttf
$ ls -l /home/travis/build/fontdirectory/carme/builds/build/Carme-Regular.*ttf # look at the size savings of that subset process
/home/travis/build/fontdirectory/carme/builds/build/Carme-Regular.ttf: 25696 bytes
/home/travis/build/fontdirectory/carme/builds/build/Carme-Regular.autohint.ttf: 40072 bytes
$ mv /home/travis/build/fontdirectory/carme/builds/build/Carme-Regular.autohint.ttf /home/travis/build/fontdirectory/carme/builds/build/Carme-Regular.ttf
### Subset TTFs (pyftsubset) Carme-Regular.ttf
Generate Carme-Regular.latin
$ ls -l 'Carme-Regular-TTF.ttf'* # look at the size savings of that subset process
Carme-Regular-TTF.ttf.opt: 59624 bytes
Carme-Regular-TTF.ttf: 61896 bytes
$ mv /home/travis/build/fontdirectory/carme/builds/build/Carme-Regular-TTF.ttf.opt /home/travis/build/fontdirectory/carme/builds/build/Carme-Regular-TTF.ttf
### Autohint TTFs (ttfautohint) Carme-Regular-TTF.ttf
Generate Carme-Regular.menu
strippedname:/home/travis/build/fontdirectory/carme/builds/build/Carme-Regular.ttf
No nbsp glyph
spaceWidth is    230
nbspWidth is     0
Carme-Regular.ttf.fix made with spaceWidth and nbspWidth of 230
$ ls -l /home/travis/build/fontdirectory/carme/builds/build/Carme-Regular-TTF.*ttf # look at the size savings of that subset process
/home/travis/build/fontdirectory/carme/builds/build/Carme-Regular-TTF.ttf: 59624 bytes
/home/travis/build/fontdirectory/carme/builds/build/Carme-Regular-TTF.autohint.ttf: 74736 bytes
$ mv /home/travis/build/fontdirectory/carme/builds/build/Carme-Regular-TTF.autohint.ttf /home/travis/build/fontdirectory/carme/builds/build/Carme-Regular-TTF.ttf
### Subset TTFs (pyftsubset) Carme-Regular-TTF.ttf
Generate Carme-Regular-TTF.latin
Generate Carme-Regular-TTF.menu
strippedname:/home/travis/build/fontdirectory/carme/builds/build/Carme-Regular-TTF.ttf
